// Jest Snapshot v1, https://goo.gl/fbAQLP

exports[`renders toMatchSnapshot 1`] = `
<div
  className="page"
>
  <Text
    text="This is the openFDA API endpoint for all food product recalls monitored by the FDA. When an FDA-regulated product is either defective or potentially harmful, recalling that product—removing it from the market or correcting the problem—is the most effective means for protecting the public."
    topic="Food recall enforcement reports since 2012"
    topicTag="h1"
  />
  <Connect(ReportsChartD3)
    title="Enforcement reports over time"
  />
  <div
    className="flex-two-column"
  >
    <Text
      className="item"
      text="Manufacturers and/or distributors may initiate a recall at any time to fulfill their responsibility to protect the public health from products that present a risk of injury or gross deception, or are otherwise defective. Firms may also initiate a recall following notification of a problem by FDA or a state agency, in response to a formal request by FDA, or as ordered by FDA."
      topic="The vast majority of food recalls are voluntary"
      topicTag="h2"
    />
    <Connect(InitiatorsChartD3)
      className="item"
      title="Enforcement initiators"
    />
  </div>
</div>
`;
