// Jest Snapshot v1, https://goo.gl/fbAQLP

exports[`<ChartHighstock> renders with error 1`] = `
<div
  className=""
  data-test="ChartHighstock"
>
  <Error
    fetchData={
      [MockFunction] {
        "calls": Array [
          Array [],
          Array [],
        ],
        "results": Array [
          Object {
            "type": "return",
            "value": undefined,
          },
          Object {
            "type": "return",
            "value": undefined,
          },
        ],
      }
    }
  />
</div>
`;
