// Jest Snapshot v1, https://goo.gl/fbAQLP

exports[`<ChartHighcharts> renders with error 1`] = `
<div
  className=""
  data-test="ChartHighcharts"
>
  <Error
    fetchData={
      [MockFunction] {
        "calls": Array [
          Array [
            "reports",
          ],
          Array [
            "reports",
          ],
        ],
        "results": Array [
          Object {
            "type": "return",
            "value": undefined,
          },
          Object {
            "type": "return",
            "value": undefined,
          },
        ],
      }
    }
    location="reports"
  />
</div>
`;
