// Jest Snapshot v1, https://goo.gl/fbAQLP

exports[`<ChartHighstock> renders with error 1`] = `
<div
  className=""
>
  <Error
    fetchData={
      [MockFunction] {
        "calls": Array [
          Array [
            "reports",
          ],
          Array [
            "reports",
          ],
        ],
        "results": Array [
          Object {
            "type": "return",
            "value": undefined,
          },
          Object {
            "type": "return",
            "value": undefined,
          },
        ],
      }
    }
    location="reports"
  />
</div>
`;

exports[`<Error> renders with error 1`] = `
<div
  className=""
>
  <Error
    fetchData={
      [MockFunction] {
        "calls": Array [
          Array [
            "reports",
          ],
          Array [
            "reports",
          ],
          Array [
            "reports",
          ],
        ],
        "results": Array [
          Object {
            "type": "return",
            "value": undefined,
          },
          Object {
            "type": "return",
            "value": undefined,
          },
          Object {
            "type": "return",
            "value": undefined,
          },
        ],
      }
    }
    location="reports"
  />
</div>
`;

exports[`<Error> renders with is loading 1`] = `
<div
  className=""
>
  <t
    callback={[Function]}
    constructorType="stockChart"
    highcharts={
      Object {
        "Axis": [Function],
        "CenteredSeriesMixin": Object {
          "getCenter": [Function],
          "getStartAndEndRadians": [Function],
        },
        "Chart": [Function],
        "Color": [Function],
        "Fx": [Function],
        "Legend": [Function],
        "LegendSymbolMixin": Object {
          "drawLineMarker": [Function],
          "drawRectangle": [Function],
        },
        "Navigator": [Function],
        "PlotLineOrBand": [Function],
        "Point": [Function],
        "Pointer": [Function],
        "RangeSelector": [Function],
        "Renderer": [Function],
        "SVGElement": [Function],
        "SVGRenderer": [Function],
        "SVG_NS": "http://www.w3.org/2000/svg",
        "Scrollbar": [Function],
        "Series": [Function],
        "StackItem": [Function],
        "StockChart": [Function],
        "Tick": [Function],
        "Time": [Function],
        "Tooltip": [Function],
        "TrackerMixin": Object {
          "drawTrackerGraph": [Function],
          "drawTrackerPoint": [Function],
        },
        "_modules": Object {
          "masters/highcharts.src.js": [Circular],
          "masters/highstock.src.js": [Circular],
          "masters/modules/broken-axis.src.js": undefined,
          "masters/modules/stock.src.js": undefined,
          "mixins/centered-series.js": undefined,
          "mixins/on-series.js": Object {
            "getPlotBox": [Function],
            "translate": [Function],
          },
          "modules/broken-axis.src.js": undefined,
          "modules/overlapping-datalabels.src.js": undefined,
          "parts/AreaSeries.js": undefined,
          "parts/AreaSplineSeries.js": undefined,
          "parts/Axis.js": [Function],
          "parts/BarSeries.js": undefined,
          "parts/CandlestickSeries.js": undefined,
          "parts/Chart.js": undefined,
          "parts/Color.js": undefined,
          "parts/ColumnSeries.js": undefined,
          "parts/DataGrouping.js": Object {
            "approximations": Object {
              "average": [Function],
              "averages": [Function],
              "close": [Function],
              "high": [Function],
              "low": [Function],
              "ohlc": [Function],
              "open": [Function],
              "range": [Function],
              "sum": [Function],
            },
            "groupData": [Function],
          },
          "parts/DataLabels.js": undefined,
          "parts/DateTimeAxis.js": undefined,
          "parts/Dynamics.js": undefined,
          "parts/FlagsSeries.js": undefined,
          "parts/Globals.js": [Circular],
          "parts/Html.js": undefined,
          "parts/Interaction.js": undefined,
          "parts/Legend.js": undefined,
          "parts/LogarithmicAxis.js": undefined,
          "parts/MSPointer.js": undefined,
          "parts/Navigator.js": undefined,
          "parts/OHLCSeries.js": undefined,
          "parts/Options.js": undefined,
          "parts/OrdinalAxis.js": undefined,
          "parts/PieSeries.js": undefined,
          "parts/PlotLineOrBand.js": undefined,
          "parts/Point.js": undefined,
          "parts/Pointer.js": undefined,
          "parts/RangeSelector.js": undefined,
          "parts/Responsive.js": undefined,
          "parts/ScatterSeries.js": undefined,
          "parts/ScrollablePlotArea.js": undefined,
          "parts/Scrollbar.js": undefined,
          "parts/Series.js": undefined,
          "parts/SplineSeries.js": undefined,
          "parts/Stacking.js": undefined,
          "parts/StockChart.js": undefined,
          "parts/SvgRenderer.js": undefined,
          "parts/Tick.js": undefined,
          "parts/Time.js": undefined,
          "parts/Tooltip.js": undefined,
          "parts/TouchPointer.js": undefined,
          "parts/Utilities.js": undefined,
        },
        "addEvent": [Function],
        "animObject": [Function],
        "animate": [Function],
        "approximations": Object {
          "average": [Function],
          "averages": [Function],
          "close": [Function],
          "high": [Function],
          "low": [Function],
          "ohlc": [Function],
          "open": [Function],
          "range": [Function],
          "sum": [Function],
        },
        "arrayMax": [Function],
        "arrayMin": [Function],
        "attr": [Function],
        "chart": [Function],
        "chartCount": 0,
        "charts": Array [],
        "cleanRecursively": [Function],
        "clearTimeout": [Function],
        "color": [Function],
        "correctFloat": [Function],
        "createElement": [Function],
        "css": [Function],
        "dataGrouping": Object {
          "approximations": Object {
            "average": [Function],
            "averages": [Function],
            "close": [Function],
            "high": [Function],
            "low": [Function],
            "ohlc": [Function],
            "open": [Function],
            "range": [Function],
            "sum": [Function],
          },
          "groupData": [Function],
        },
        "dateFormat": [Function],
        "dateFormats": Object {},
        "datePropsToTimestamps": [Function],
        "defaultDataGroupingUnits": Array [
          Array [
            "millisecond",
            Array [
              1,
              2,
              5,
              10,
              20,
              25,
              50,
              100,
              200,
              500,
            ],
          ],
          Array [
            "second",
            Array [
              1,
              2,
              5,
              10,
              15,
              30,
            ],
          ],
          Array [
            "minute",
            Array [
              1,
              2,
              5,
              10,
              15,
              30,
            ],
          ],
          Array [
            "hour",
            Array [
              1,
              2,
              3,
              4,
              6,
              8,
              12,
            ],
          ],
          Array [
            "day",
            Array [
              1,
            ],
          ],
          Array [
            "week",
            Array [
              1,
            ],
          ],
          Array [
            "month",
            Array [
              1,
              3,
              6,
            ],
          ],
          Array [
            "year",
            null,
          ],
        ],
        "defaultOptions": Object {
          "chart": Object {
            "backgroundColor": "#ffffff",
            "borderColor": "#335cad",
            "borderRadius": 0,
            "colorCount": 10,
            "defaultSeriesType": "line",
            "height": null,
            "ignoreHiddenSeries": true,
            "plotBorderColor": "#cccccc",
            "resetZoomButton": Object {
              "position": Object {
                "align": "right",
                "x": -10,
                "y": 10,
              },
              "theme": Object {
                "zIndex": 6,
              },
            },
            "spacing": Array [
              10,
              10,
              15,
              10,
            ],
            "styledMode": false,
            "width": null,
          },
          "colors": Array [
            "#7cb5ec",
            "#434348",
            "#90ed7d",
            "#f7a35c",
            "#8085e9",
            "#f15c80",
            "#e4d354",
            "#2b908f",
            "#f45b5b",
            "#91e8e1",
          ],
          "credits": Object {
            "enabled": true,
            "href": "https://www.highcharts.com?credits",
            "position": Object {
              "align": "right",
              "verticalAlign": "bottom",
              "x": -10,
              "y": -5,
            },
            "style": Object {
              "color": "#999999",
              "cursor": "pointer",
              "fontSize": "9px",
            },
            "text": "Highcharts.com",
          },
          "global": Object {},
          "labels": Object {
            "style": Object {
              "color": "#333333",
              "position": "absolute",
            },
          },
          "lang": Object {
            "decimalPoint": ".",
            "loading": "Loading...",
            "months": Array [
              "January",
              "February",
              "March",
              "April",
              "May",
              "June",
              "July",
              "August",
              "September",
              "October",
              "November",
              "December",
            ],
            "noData": "No data to display",
            "numericSymbols": Array [
              "k",
              "M",
              "G",
              "T",
              "P",
              "E",
            ],
            "rangeSelectorFrom": "From",
            "rangeSelectorTo": "To",
            "rangeSelectorZoom": "Zoom",
            "resetZoom": "Reset zoom",
            "resetZoomTitle": "Reset zoom level 1:1",
            "shortMonths": Array [
              "Jan",
              "Feb",
              "Mar",
              "Apr",
              "May",
              "Jun",
              "Jul",
              "Aug",
              "Sep",
              "Oct",
              "Nov",
              "Dec",
            ],
            "thousandsSep": " ",
            "weekdays": Array [
              "Sunday",
              "Monday",
              "Tuesday",
              "Wednesday",
              "Thursday",
              "Friday",
              "Saturday",
            ],
          },
          "legend": Object {
            "align": "center",
            "alignColumns": true,
            "borderColor": "#999999",
            "borderRadius": 0,
            "enabled": true,
            "itemCheckboxStyle": Object {
              "height": "13px",
              "position": "absolute",
              "width": "13px",
            },
            "itemHiddenStyle": Object {
              "color": "#cccccc",
            },
            "itemHoverStyle": Object {
              "color": "#000000",
            },
            "itemStyle": Object {
              "color": "#333333",
              "cursor": "pointer",
              "fontSize": "12px",
              "fontWeight": "bold",
              "textOverflow": "ellipsis",
            },
            "labelFormatter": [Function],
            "layout": "horizontal",
            "navigation": Object {
              "activeColor": "#003399",
              "inactiveColor": "#cccccc",
            },
            "shadow": false,
            "squareSymbol": true,
            "symbolPadding": 5,
            "title": Object {
              "style": Object {
                "fontWeight": "bold",
              },
            },
            "verticalAlign": "bottom",
            "x": 0,
            "y": 0,
          },
          "loading": Object {
            "labelStyle": Object {
              "fontWeight": "bold",
              "position": "relative",
              "top": "45%",
            },
            "style": Object {
              "backgroundColor": "#ffffff",
              "opacity": 0.5,
              "position": "absolute",
              "textAlign": "center",
            },
          },
          "navigator": Object {
            "handles": Object {
              "backgroundColor": "#f2f2f2",
              "borderColor": "#999999",
              "enabled": true,
              "height": 15,
              "lineWidth": 1,
              "symbols": Array [
                "navigator-handle",
                "navigator-handle",
              ],
              "width": 7,
            },
            "height": 40,
            "margin": 25,
            "maskFill": "rgba(102,133,194,0.3)",
            "maskInside": true,
            "outlineColor": "#cccccc",
            "outlineWidth": 1,
            "series": Object {
              "className": "highcharts-navigator-series",
              "compare": null,
              "dataGrouping": Object {
                "approximation": "average",
                "enabled": true,
                "groupPixelWidth": 2,
                "smoothed": true,
                "units": Array [
                  Array [
                    "millisecond",
                    Array [
                      1,
                      2,
                      5,
                      10,
                      20,
                      25,
                      50,
                      100,
                      200,
                      500,
                    ],
                  ],
                  Array [
                    "second",
                    Array [
                      1,
                      2,
                      5,
                      10,
                      15,
                      30,
                    ],
                  ],
                  Array [
                    "minute",
                    Array [
                      1,
                      2,
                      5,
                      10,
                      15,
                      30,
                    ],
                  ],
                  Array [
                    "hour",
                    Array [
                      1,
                      2,
                      3,
                      4,
                      6,
                      8,
                      12,
                    ],
                  ],
                  Array [
                    "day",
                    Array [
                      1,
                      2,
                      3,
                      4,
                    ],
                  ],
                  Array [
                    "week",
                    Array [
                      1,
                      2,
                      3,
                    ],
                  ],
                  Array [
                    "month",
                    Array [
                      1,
                      3,
                      6,
                    ],
                  ],
                  Array [
                    "year",
                    null,
                  ],
                ],
              },
              "dataLabels": Object {
                "enabled": false,
                "zIndex": 2,
              },
              "fillOpacity": 0.05,
              "id": "highcharts-navigator-series",
              "lineColor": null,
              "lineWidth": 1,
              "marker": Object {
                "enabled": false,
              },
              "pointRange": 0,
              "threshold": null,
              "type": "areaspline",
            },
            "xAxis": Object {
              "className": "highcharts-navigator-xaxis",
              "crosshair": false,
              "gridLineColor": "#e6e6e6",
              "gridLineWidth": 1,
              "labels": Object {
                "align": "left",
                "style": Object {
                  "color": "#999999",
                },
                "x": 3,
                "y": -4,
              },
              "lineWidth": 0,
              "overscroll": 0,
              "tickLength": 0,
              "tickPixelInterval": 200,
            },
            "yAxis": Object {
              "className": "highcharts-navigator-yaxis",
              "crosshair": false,
              "endOnTick": false,
              "gridLineWidth": 0,
              "labels": Object {
                "enabled": false,
              },
              "maxPadding": 0.1,
              "minPadding": 0.1,
              "startOnTick": false,
              "tickLength": 0,
              "tickWidth": 0,
              "title": Object {
                "text": null,
              },
            },
          },
          "noData": Object {
            "position": Object {
              "align": "center",
              "verticalAlign": "middle",
              "x": 0,
              "y": 0,
            },
            "style": Object {
              "color": "#666666",
              "fontSize": "12px",
              "fontWeight": "bold",
            },
          },
          "plotOptions": Object {
            "area": Object {
              "allowPointSelect": false,
              "animation": Object {
                "duration": 1000,
              },
              "cropThreshold": 300,
              "dataLabels": Object {
                "align": "center",
                "formatter": [Function],
                "padding": 5,
                "style": Object {
                  "color": "contrast",
                  "fontSize": "11px",
                  "fontWeight": "bold",
                  "textOutline": "1px contrast",
                },
                "verticalAlign": "bottom",
                "x": 0,
                "y": 0,
              },
              "events": Object {},
              "findNearestPointBy": "x",
              "lineWidth": 2,
              "marker": Object {
                "enabledThreshold": 2,
                "lineColor": "#ffffff",
                "lineWidth": 0,
                "radius": 4,
                "states": Object {
                  "hover": Object {
                    "animation": Object {
                      "duration": 50,
                    },
                    "enabled": true,
                    "lineWidthPlus": 1,
                    "radiusPlus": 2,
                  },
                  "normal": Object {
                    "animation": true,
                  },
                  "select": Object {
                    "fillColor": "#cccccc",
                    "lineColor": "#000000",
                    "lineWidth": 2,
                  },
                },
              },
              "opacity": 1,
              "point": Object {
                "events": Object {},
              },
              "pointRange": 0,
              "showCheckbox": false,
              "softThreshold": false,
              "states": Object {
                "hover": Object {
                  "animation": Object {
                    "duration": 50,
                  },
                  "halo": Object {
                    "opacity": 0.25,
                    "size": 10,
                  },
                  "lineWidthPlus": 1,
                  "marker": Object {},
                },
                "inactive": Object {
                  "animation": Object {
                    "duration": 50,
                  },
                  "opacity": 0.2,
                },
                "normal": Object {
                  "animation": true,
                },
                "select": Object {
                  "animation": Object {
                    "duration": 0,
                  },
                },
              },
              "stickyTracking": true,
              "threshold": 0,
              "turboThreshold": 1000,
            },
            "areaspline": Object {
              "allowPointSelect": false,
              "animation": Object {
                "duration": 1000,
              },
              "cropThreshold": 300,
              "dataLabels": Object {
                "align": "center",
                "formatter": [Function],
                "padding": 5,
                "style": Object {
                  "color": "contrast",
                  "fontSize": "11px",
                  "fontWeight": "bold",
                  "textOutline": "1px contrast",
                },
                "verticalAlign": "bottom",
                "x": 0,
                "y": 0,
              },
              "events": Object {},
              "findNearestPointBy": "x",
              "lineWidth": 2,
              "marker": Object {
                "enabledThreshold": 2,
                "lineColor": "#ffffff",
                "lineWidth": 0,
                "radius": 4,
                "states": Object {
                  "hover": Object {
                    "animation": Object {
                      "duration": 50,
                    },
                    "enabled": true,
                    "lineWidthPlus": 1,
                    "radiusPlus": 2,
                  },
                  "normal": Object {
                    "animation": true,
                  },
                  "select": Object {
                    "fillColor": "#cccccc",
                    "lineColor": "#000000",
                    "lineWidth": 2,
                  },
                },
              },
              "opacity": 1,
              "point": Object {
                "events": Object {},
              },
              "pointRange": 0,
              "showCheckbox": false,
              "softThreshold": false,
              "states": Object {
                "hover": Object {
                  "animation": Object {
                    "duration": 50,
                  },
                  "halo": Object {
                    "opacity": 0.25,
                    "size": 10,
                  },
                  "lineWidthPlus": 1,
                  "marker": Object {},
                },
                "inactive": Object {
                  "animation": Object {
                    "duration": 50,
                  },
                  "opacity": 0.2,
                },
                "normal": Object {
                  "animation": true,
                },
                "select": Object {
                  "animation": Object {
                    "duration": 0,
                  },
                },
              },
              "stickyTracking": true,
              "threshold": 0,
              "turboThreshold": 1000,
            },
            "bar": Object {
              "allowPointSelect": false,
              "animation": Object {
                "duration": 1000,
              },
              "borderColor": "#ffffff",
              "borderRadius": 0,
              "crisp": true,
              "cropThreshold": 50,
              "dataLabels": Object {
                "align": null,
                "formatter": [Function],
                "padding": 5,
                "style": Object {
                  "color": "contrast",
                  "fontSize": "11px",
                  "fontWeight": "bold",
                  "textOutline": "1px contrast",
                },
                "verticalAlign": null,
                "x": 0,
                "y": null,
              },
              "events": Object {},
              "findNearestPointBy": "x",
              "groupPadding": 0.2,
              "lineWidth": 2,
              "marker": null,
              "minPointLength": 0,
              "opacity": 1,
              "point": Object {
                "events": Object {},
              },
              "pointPadding": 0.1,
              "pointRange": null,
              "showCheckbox": false,
              "softThreshold": false,
              "startFromThreshold": true,
              "states": Object {
                "hover": Object {
                  "animation": Object {
                    "duration": 50,
                  },
                  "brightness": 0.1,
                  "halo": false,
                  "lineWidthPlus": 1,
                  "marker": Object {},
                },
                "inactive": Object {
                  "animation": Object {
                    "duration": 50,
                  },
                  "opacity": 0.2,
                },
                "normal": Object {
                  "animation": true,
                },
                "select": Object {
                  "animation": Object {
                    "duration": 0,
                  },
                  "borderColor": "#000000",
                  "color": "#cccccc",
                },
              },
              "stickyTracking": false,
              "threshold": 0,
              "tooltip": Object {
                "distance": 6,
              },
              "turboThreshold": 1000,
            },
            "candlestick": Object {
              "allowPointSelect": false,
              "animation": Object {
                "duration": 1000,
              },
              "borderColor": "#ffffff",
              "borderRadius": 0,
              "crisp": true,
              "cropThreshold": 50,
              "dataLabels": Object {
                "align": null,
                "formatter": [Function],
                "padding": 5,
                "style": Object {
                  "color": "contrast",
                  "fontSize": "11px",
                  "fontWeight": "bold",
                  "textOutline": "1px contrast",
                },
                "verticalAlign": null,
                "x": 0,
                "y": null,
              },
              "events": Object {},
              "findNearestPointBy": "x",
              "groupPadding": 0.2,
              "lineColor": "#000000",
              "lineWidth": 1,
              "marker": null,
              "minPointLength": 0,
              "opacity": 1,
              "point": Object {
                "events": Object {},
              },
              "pointPadding": 0.1,
              "pointRange": null,
              "showCheckbox": false,
              "softThreshold": false,
              "startFromThreshold": true,
              "states": Object {
                "hover": Object {
                  "animation": Object {
                    "duration": 50,
                  },
                  "brightness": 0.1,
                  "halo": false,
                  "lineWidth": 2,
                  "lineWidthPlus": 1,
                  "marker": Object {},
                },
                "inactive": Object {
                  "animation": Object {
                    "duration": 50,
                  },
                  "opacity": 0.2,
                },
                "normal": Object {
                  "animation": true,
                },
                "select": Object {
                  "animation": Object {
                    "duration": 0,
                  },
                  "borderColor": "#000000",
                  "color": "#cccccc",
                },
              },
              "stickyTracking": true,
              "threshold": null,
              "tooltip": Object {
                "distance": 6,
                "pointFormat": "<span style=\\"color:{point.color}\\">●</span> <b> {series.name}</b><br/>Open: {point.open}<br/>High: {point.high}<br/>Low: {point.low}<br/>Close: {point.close}<br/>",
              },
              "turboThreshold": 1000,
              "upColor": "#ffffff",
            },
            "column": Object {
              "allowPointSelect": false,
              "animation": Object {
                "duration": 1000,
              },
              "borderColor": "#ffffff",
              "borderRadius": 0,
              "crisp": true,
              "cropThreshold": 50,
              "dataLabels": Object {
                "align": null,
                "formatter": [Function],
                "padding": 5,
                "style": Object {
                  "color": "contrast",
                  "fontSize": "11px",
                  "fontWeight": "bold",
                  "textOutline": "1px contrast",
                },
                "verticalAlign": null,
                "x": 0,
                "y": null,
              },
              "events": Object {},
              "findNearestPointBy": "x",
              "groupPadding": 0.2,
              "lineWidth": 2,
              "marker": null,
              "minPointLength": 0,
              "opacity": 1,
              "point": Object {
                "events": Object {},
              },
              "pointPadding": 0.1,
              "pointRange": null,
              "showCheckbox": false,
              "softThreshold": false,
              "startFromThreshold": true,
              "states": Object {
                "hover": Object {
                  "animation": Object {
                    "duration": 50,
                  },
                  "brightness": 0.1,
                  "halo": false,
                  "lineWidthPlus": 1,
                  "marker": Object {},
                },
                "inactive": Object {
                  "animation": Object {
                    "duration": 50,
                  },
                  "opacity": 0.2,
                },
                "normal": Object {
                  "animation": true,
                },
                "select": Object {
                  "animation": Object {
                    "duration": 0,
                  },
                  "borderColor": "#000000",
                  "color": "#cccccc",
                },
              },
              "stickyTracking": false,
              "threshold": 0,
              "tooltip": Object {
                "distance": 6,
              },
              "turboThreshold": 1000,
            },
            "flags": Object {
              "allowOverlapX": false,
              "allowPointSelect": false,
              "animation": Object {
                "duration": 1000,
              },
              "borderColor": "#ffffff",
              "borderRadius": 0,
              "crisp": true,
              "cropThreshold": 50,
              "dataLabels": Object {
                "align": null,
                "formatter": [Function],
                "padding": 5,
                "style": Object {
                  "color": "contrast",
                  "fontSize": "11px",
                  "fontWeight": "bold",
                  "textOutline": "1px contrast",
                },
                "verticalAlign": null,
                "x": 0,
                "y": null,
              },
              "events": Object {},
              "fillColor": "#ffffff",
              "findNearestPointBy": "x",
              "groupPadding": 0.2,
              "lineWidth": 1,
              "marker": null,
              "minPointLength": 0,
              "opacity": 1,
              "point": Object {
                "events": Object {},
              },
              "pointPadding": 0.1,
              "pointRange": 0,
              "shape": "flag",
              "showCheckbox": false,
              "softThreshold": false,
              "stackDistance": 12,
              "startFromThreshold": true,
              "states": Object {
                "hover": Object {
                  "animation": Object {
                    "duration": 50,
                  },
                  "brightness": 0.1,
                  "fillColor": "#ccd6eb",
                  "halo": false,
                  "lineColor": "#000000",
                  "lineWidthPlus": 1,
                  "marker": Object {},
                },
                "inactive": Object {
                  "animation": Object {
                    "duration": 50,
                  },
                  "opacity": 0.2,
                },
                "normal": Object {
                  "animation": true,
                },
                "select": Object {
                  "animation": Object {
                    "duration": 0,
                  },
                  "borderColor": "#000000",
                  "color": "#cccccc",
                },
              },
              "stickyTracking": false,
              "style": Object {
                "fontSize": "11px",
                "fontWeight": "bold",
              },
              "textAlign": "center",
              "threshold": null,
              "tooltip": Object {
                "distance": 6,
                "pointFormat": "{point.text}<br/>",
              },
              "turboThreshold": 1000,
              "y": -30,
            },
            "line": Object {
              "allowPointSelect": false,
              "animation": Object {
                "duration": 1000,
              },
              "cropThreshold": 300,
              "dataLabels": Object {
                "align": "center",
                "formatter": [Function],
                "padding": 5,
                "style": Object {
                  "color": "contrast",
                  "fontSize": "11px",
                  "fontWeight": "bold",
                  "textOutline": "1px contrast",
                },
                "verticalAlign": "bottom",
                "x": 0,
                "y": 0,
              },
              "events": Object {},
              "findNearestPointBy": "x",
              "lineWidth": 2,
              "marker": Object {
                "enabledThreshold": 2,
                "lineColor": "#ffffff",
                "lineWidth": 0,
                "radius": 4,
                "states": Object {
                  "hover": Object {
                    "animation": Object {
                      "duration": 50,
                    },
                    "enabled": true,
                    "lineWidthPlus": 1,
                    "radiusPlus": 2,
                  },
                  "normal": Object {
                    "animation": true,
                  },
                  "select": Object {
                    "fillColor": "#cccccc",
                    "lineColor": "#000000",
                    "lineWidth": 2,
                  },
                },
              },
              "opacity": 1,
              "point": Object {
                "events": Object {},
              },
              "pointRange": 0,
              "showCheckbox": false,
              "softThreshold": true,
              "states": Object {
                "hover": Object {
                  "animation": Object {
                    "duration": 50,
                  },
                  "halo": Object {
                    "opacity": 0.25,
                    "size": 10,
                  },
                  "lineWidthPlus": 1,
                  "marker": Object {},
                },
                "inactive": Object {
                  "animation": Object {
                    "duration": 50,
                  },
                  "opacity": 0.2,
                },
                "normal": Object {
                  "animation": true,
                },
                "select": Object {
                  "animation": Object {
                    "duration": 0,
                  },
                },
              },
              "stickyTracking": true,
              "turboThreshold": 1000,
            },
            "ohlc": Object {
              "allowPointSelect": false,
              "animation": Object {
                "duration": 1000,
              },
              "borderColor": "#ffffff",
              "borderRadius": 0,
              "crisp": true,
              "cropThreshold": 50,
              "dataLabels": Object {
                "align": null,
                "formatter": [Function],
                "padding": 5,
                "style": Object {
                  "color": "contrast",
                  "fontSize": "11px",
                  "fontWeight": "bold",
                  "textOutline": "1px contrast",
                },
                "verticalAlign": null,
                "x": 0,
                "y": null,
              },
              "events": Object {},
              "findNearestPointBy": "x",
              "groupPadding": 0.2,
              "lineWidth": 1,
              "marker": null,
              "minPointLength": 0,
              "opacity": 1,
              "point": Object {
                "events": Object {},
              },
              "pointPadding": 0.1,
              "pointRange": null,
              "showCheckbox": false,
              "softThreshold": false,
              "startFromThreshold": true,
              "states": Object {
                "hover": Object {
                  "animation": Object {
                    "duration": 50,
                  },
                  "brightness": 0.1,
                  "halo": false,
                  "lineWidth": 3,
                  "lineWidthPlus": 1,
                  "marker": Object {},
                },
                "inactive": Object {
                  "animation": Object {
                    "duration": 50,
                  },
                  "opacity": 0.2,
                },
                "normal": Object {
                  "animation": true,
                },
                "select": Object {
                  "animation": Object {
                    "duration": 0,
                  },
                  "borderColor": "#000000",
                  "color": "#cccccc",
                },
              },
              "stickyTracking": true,
              "threshold": null,
              "tooltip": Object {
                "distance": 6,
                "pointFormat": "<span style=\\"color:{point.color}\\">●</span> <b> {series.name}</b><br/>Open: {point.open}<br/>High: {point.high}<br/>Low: {point.low}<br/>Close: {point.close}<br/>",
              },
              "turboThreshold": 1000,
            },
            "pie": Object {
              "allowPointSelect": false,
              "animation": Object {
                "duration": 1000,
              },
              "borderColor": "#ffffff",
              "borderWidth": 1,
              "center": Array [
                null,
                null,
              ],
              "clip": false,
              "colorByPoint": true,
              "cropThreshold": 300,
              "dataLabels": Object {
                "align": "center",
                "allowOverlap": true,
                "connectorPadding": 5,
                "connectorShape": "fixedOffset",
                "crookDistance": "70%",
                "distance": 30,
                "enabled": true,
                "formatter": [Function],
                "padding": 5,
                "softConnector": true,
                "style": Object {
                  "color": "contrast",
                  "fontSize": "11px",
                  "fontWeight": "bold",
                  "textOutline": "1px contrast",
                },
                "verticalAlign": "bottom",
                "x": 0,
                "y": 0,
              },
              "events": Object {},
              "findNearestPointBy": "x",
              "ignoreHiddenPoint": true,
              "inactiveOtherPoints": true,
              "legendType": "point",
              "lineWidth": 2,
              "marker": null,
              "opacity": 1,
              "point": Object {
                "events": Object {},
              },
              "pointRange": 0,
              "showCheckbox": false,
              "showInLegend": false,
              "size": null,
              "slicedOffset": 10,
              "softThreshold": true,
              "states": Object {
                "hover": Object {
                  "animation": Object {
                    "duration": 50,
                  },
                  "brightness": 0.1,
                  "halo": Object {
                    "opacity": 0.25,
                    "size": 10,
                  },
                  "lineWidthPlus": 1,
                  "marker": Object {},
                },
                "inactive": Object {
                  "animation": Object {
                    "duration": 50,
                  },
                  "opacity": 0.2,
                },
                "normal": Object {
                  "animation": true,
                },
                "select": Object {
                  "animation": Object {
                    "duration": 0,
                  },
                },
              },
              "stickyTracking": false,
              "tooltip": Object {
                "followPointer": true,
              },
              "turboThreshold": 1000,
            },
            "scatter": Object {
              "allowPointSelect": false,
              "animation": Object {
                "duration": 1000,
              },
              "cropThreshold": 300,
              "dataLabels": Object {
                "align": "center",
                "formatter": [Function],
                "padding": 5,
                "style": Object {
                  "color": "contrast",
                  "fontSize": "11px",
                  "fontWeight": "bold",
                  "textOutline": "1px contrast",
                },
                "verticalAlign": "bottom",
                "x": 0,
                "y": 0,
              },
              "events": Object {},
              "findNearestPointBy": "xy",
              "jitter": Object {
                "x": 0,
                "y": 0,
              },
              "lineWidth": 0,
              "marker": Object {
                "enabled": true,
                "enabledThreshold": 2,
                "lineColor": "#ffffff",
                "lineWidth": 0,
                "radius": 4,
                "states": Object {
                  "hover": Object {
                    "animation": Object {
                      "duration": 50,
                    },
                    "enabled": true,
                    "lineWidthPlus": 1,
                    "radiusPlus": 2,
                  },
                  "normal": Object {
                    "animation": true,
                  },
                  "select": Object {
                    "fillColor": "#cccccc",
                    "lineColor": "#000000",
                    "lineWidth": 2,
                  },
                },
              },
              "opacity": 1,
              "point": Object {
                "events": Object {},
              },
              "pointRange": 0,
              "showCheckbox": false,
              "softThreshold": true,
              "states": Object {
                "hover": Object {
                  "animation": Object {
                    "duration": 50,
                  },
                  "halo": Object {
                    "opacity": 0.25,
                    "size": 10,
                  },
                  "lineWidthPlus": 1,
                  "marker": Object {},
                },
                "inactive": Object {
                  "animation": Object {
                    "duration": 50,
                  },
                  "opacity": 0.2,
                },
                "normal": Object {
                  "animation": true,
                },
                "select": Object {
                  "animation": Object {
                    "duration": 0,
                  },
                },
              },
              "stickyTracking": true,
              "tooltip": Object {
                "headerFormat": "<span style=\\"color:{point.color}\\">●</span> <span style=\\"font-size: 10px\\"> {series.name}</span><br/>",
                "pointFormat": "x: <b>{point.x}</b><br/>y: <b>{point.y}</b><br/>",
              },
              "turboThreshold": 1000,
            },
            "spline": Object {
              "allowPointSelect": false,
              "animation": Object {
                "duration": 1000,
              },
              "cropThreshold": 300,
              "dataLabels": Object {
                "align": "center",
                "formatter": [Function],
                "padding": 5,
                "style": Object {
                  "color": "contrast",
                  "fontSize": "11px",
                  "fontWeight": "bold",
                  "textOutline": "1px contrast",
                },
                "verticalAlign": "bottom",
                "x": 0,
                "y": 0,
              },
              "events": Object {},
              "findNearestPointBy": "x",
              "lineWidth": 2,
              "marker": Object {
                "enabledThreshold": 2,
                "lineColor": "#ffffff",
                "lineWidth": 0,
                "radius": 4,
                "states": Object {
                  "hover": Object {
                    "animation": Object {
                      "duration": 50,
                    },
                    "enabled": true,
                    "lineWidthPlus": 1,
                    "radiusPlus": 2,
                  },
                  "normal": Object {
                    "animation": true,
                  },
                  "select": Object {
                    "fillColor": "#cccccc",
                    "lineColor": "#000000",
                    "lineWidth": 2,
                  },
                },
              },
              "opacity": 1,
              "point": Object {
                "events": Object {},
              },
              "pointRange": 0,
              "showCheckbox": false,
              "softThreshold": true,
              "states": Object {
                "hover": Object {
                  "animation": Object {
                    "duration": 50,
                  },
                  "halo": Object {
                    "opacity": 0.25,
                    "size": 10,
                  },
                  "lineWidthPlus": 1,
                  "marker": Object {},
                },
                "inactive": Object {
                  "animation": Object {
                    "duration": 50,
                  },
                  "opacity": 0.2,
                },
                "normal": Object {
                  "animation": true,
                },
                "select": Object {
                  "animation": Object {
                    "duration": 0,
                  },
                },
              },
              "stickyTracking": true,
              "turboThreshold": 1000,
            },
          },
          "rangeSelector": Object {
            "buttonPosition": Object {
              "align": "left",
              "x": 0,
              "y": 0,
            },
            "buttonTheme": Object {
              "height": 18,
              "padding": 2,
              "width": 28,
              "zIndex": 7,
            },
            "floating": false,
            "height": undefined,
            "inputPosition": Object {
              "align": "right",
              "x": 0,
              "y": 0,
            },
            "labelStyle": Object {
              "color": "#666666",
            },
            "verticalAlign": "top",
            "x": 0,
            "y": 0,
          },
          "scrollbar": Object {
            "barBackgroundColor": "#cccccc",
            "barBorderColor": "#cccccc",
            "barBorderRadius": 0,
            "barBorderWidth": 1,
            "buttonArrowColor": "#333333",
            "buttonBackgroundColor": "#e6e6e6",
            "buttonBorderColor": "#cccccc",
            "buttonBorderRadius": 0,
            "buttonBorderWidth": 1,
            "height": 14,
            "liveRedraw": undefined,
            "margin": 10,
            "minWidth": 6,
            "rifleColor": "#333333",
            "step": 0.2,
            "trackBackgroundColor": "#f2f2f2",
            "trackBorderColor": "#f2f2f2",
            "trackBorderWidth": 1,
            "zIndex": 3,
          },
          "subtitle": Object {
            "align": "center",
            "text": "",
            "widthAdjust": -44,
          },
          "symbols": Array [
            "circle",
            "diamond",
            "square",
            "triangle",
            "triangle-down",
          ],
          "time": Object {},
          "title": Object {
            "align": "center",
            "margin": 15,
            "text": "Chart title",
            "widthAdjust": -44,
          },
          "tooltip": Object {
            "animation": false,
            "backgroundColor": "rgba(247,247,247,0.85)",
            "borderRadius": 3,
            "borderWidth": 1,
            "dateTimeLabelFormats": Object {
              "day": "%A, %b %e, %Y",
              "hour": "%A, %b %e, %H:%M",
              "millisecond": "%A, %b %e, %H:%M:%S.%L",
              "minute": "%A, %b %e, %H:%M",
              "month": "%B %Y",
              "second": "%A, %b %e, %H:%M:%S",
              "week": "Week from %A, %b %e, %Y",
              "year": "%Y",
            },
            "enabled": true,
            "footerFormat": "",
            "headerFormat": "<span style=\\"font-size: 10px\\">{point.key}</span><br/>",
            "padding": 8,
            "pointFormat": "<span style=\\"color:{point.color}\\">●</span> {series.name}: <b>{point.y}</b><br/>",
            "shadow": true,
            "snap": 10,
            "style": Object {
              "color": "#333333",
              "cursor": "default",
              "fontSize": "12px",
              "pointerEvents": "none",
              "whiteSpace": "nowrap",
            },
          },
        },
        "defaultPlotOptions": Object {
          "area": Object {
            "allowPointSelect": false,
            "animation": Object {
              "duration": 1000,
            },
            "cropThreshold": 300,
            "dataLabels": Object {
              "align": "center",
              "formatter": [Function],
              "padding": 5,
              "style": Object {
                "color": "contrast",
                "fontSize": "11px",
                "fontWeight": "bold",
                "textOutline": "1px contrast",
              },
              "verticalAlign": "bottom",
              "x": 0,
              "y": 0,
            },
            "events": Object {},
            "findNearestPointBy": "x",
            "lineWidth": 2,
            "marker": Object {
              "enabledThreshold": 2,
              "lineColor": "#ffffff",
              "lineWidth": 0,
              "radius": 4,
              "states": Object {
                "hover": Object {
                  "animation": Object {
                    "duration": 50,
                  },
                  "enabled": true,
                  "lineWidthPlus": 1,
                  "radiusPlus": 2,
                },
                "normal": Object {
                  "animation": true,
                },
                "select": Object {
                  "fillColor": "#cccccc",
                  "lineColor": "#000000",
                  "lineWidth": 2,
                },
              },
            },
            "opacity": 1,
            "point": Object {
              "events": Object {},
            },
            "pointRange": 0,
            "showCheckbox": false,
            "softThreshold": false,
            "states": Object {
              "hover": Object {
                "animation": Object {
                  "duration": 50,
                },
                "halo": Object {
                  "opacity": 0.25,
                  "size": 10,
                },
                "lineWidthPlus": 1,
                "marker": Object {},
              },
              "inactive": Object {
                "animation": Object {
                  "duration": 50,
                },
                "opacity": 0.2,
              },
              "normal": Object {
                "animation": true,
              },
              "select": Object {
                "animation": Object {
                  "duration": 0,
                },
              },
            },
            "stickyTracking": true,
            "threshold": 0,
            "turboThreshold": 1000,
          },
          "areaspline": Object {
            "allowPointSelect": false,
            "animation": Object {
              "duration": 1000,
            },
            "cropThreshold": 300,
            "dataLabels": Object {
              "align": "center",
              "formatter": [Function],
              "padding": 5,
              "style": Object {
                "color": "contrast",
                "fontSize": "11px",
                "fontWeight": "bold",
                "textOutline": "1px contrast",
              },
              "verticalAlign": "bottom",
              "x": 0,
              "y": 0,
            },
            "events": Object {},
            "findNearestPointBy": "x",
            "lineWidth": 2,
            "marker": Object {
              "enabledThreshold": 2,
              "lineColor": "#ffffff",
              "lineWidth": 0,
              "radius": 4,
              "states": Object {
                "hover": Object {
                  "animation": Object {
                    "duration": 50,
                  },
                  "enabled": true,
                  "lineWidthPlus": 1,
                  "radiusPlus": 2,
                },
                "normal": Object {
                  "animation": true,
                },
                "select": Object {
                  "fillColor": "#cccccc",
                  "lineColor": "#000000",
                  "lineWidth": 2,
                },
              },
            },
            "opacity": 1,
            "point": Object {
              "events": Object {},
            },
            "pointRange": 0,
            "showCheckbox": false,
            "softThreshold": false,
            "states": Object {
              "hover": Object {
                "animation": Object {
                  "duration": 50,
                },
                "halo": Object {
                  "opacity": 0.25,
                  "size": 10,
                },
                "lineWidthPlus": 1,
                "marker": Object {},
              },
              "inactive": Object {
                "animation": Object {
                  "duration": 50,
                },
                "opacity": 0.2,
              },
              "normal": Object {
                "animation": true,
              },
              "select": Object {
                "animation": Object {
                  "duration": 0,
                },
              },
            },
            "stickyTracking": true,
            "threshold": 0,
            "turboThreshold": 1000,
          },
          "bar": Object {
            "allowPointSelect": false,
            "animation": Object {
              "duration": 1000,
            },
            "borderColor": "#ffffff",
            "borderRadius": 0,
            "crisp": true,
            "cropThreshold": 50,
            "dataLabels": Object {
              "align": null,
              "formatter": [Function],
              "padding": 5,
              "style": Object {
                "color": "contrast",
                "fontSize": "11px",
                "fontWeight": "bold",
                "textOutline": "1px contrast",
              },
              "verticalAlign": null,
              "x": 0,
              "y": null,
            },
            "events": Object {},
            "findNearestPointBy": "x",
            "groupPadding": 0.2,
            "lineWidth": 2,
            "marker": null,
            "minPointLength": 0,
            "opacity": 1,
            "point": Object {
              "events": Object {},
            },
            "pointPadding": 0.1,
            "pointRange": null,
            "showCheckbox": false,
            "softThreshold": false,
            "startFromThreshold": true,
            "states": Object {
              "hover": Object {
                "animation": Object {
                  "duration": 50,
                },
                "brightness": 0.1,
                "halo": false,
                "lineWidthPlus": 1,
                "marker": Object {},
              },
              "inactive": Object {
                "animation": Object {
                  "duration": 50,
                },
                "opacity": 0.2,
              },
              "normal": Object {
                "animation": true,
              },
              "select": Object {
                "animation": Object {
                  "duration": 0,
                },
                "borderColor": "#000000",
                "color": "#cccccc",
              },
            },
            "stickyTracking": false,
            "threshold": 0,
            "tooltip": Object {
              "distance": 6,
            },
            "turboThreshold": 1000,
          },
          "candlestick": Object {
            "allowPointSelect": false,
            "animation": Object {
              "duration": 1000,
            },
            "borderColor": "#ffffff",
            "borderRadius": 0,
            "crisp": true,
            "cropThreshold": 50,
            "dataLabels": Object {
              "align": null,
              "formatter": [Function],
              "padding": 5,
              "style": Object {
                "color": "contrast",
                "fontSize": "11px",
                "fontWeight": "bold",
                "textOutline": "1px contrast",
              },
              "verticalAlign": null,
              "x": 0,
              "y": null,
            },
            "events": Object {},
            "findNearestPointBy": "x",
            "groupPadding": 0.2,
            "lineColor": "#000000",
            "lineWidth": 1,
            "marker": null,
            "minPointLength": 0,
            "opacity": 1,
            "point": Object {
              "events": Object {},
            },
            "pointPadding": 0.1,
            "pointRange": null,
            "showCheckbox": false,
            "softThreshold": false,
            "startFromThreshold": true,
            "states": Object {
              "hover": Object {
                "animation": Object {
                  "duration": 50,
                },
                "brightness": 0.1,
                "halo": false,
                "lineWidth": 2,
                "lineWidthPlus": 1,
                "marker": Object {},
              },
              "inactive": Object {
                "animation": Object {
                  "duration": 50,
                },
                "opacity": 0.2,
              },
              "normal": Object {
                "animation": true,
              },
              "select": Object {
                "animation": Object {
                  "duration": 0,
                },
                "borderColor": "#000000",
                "color": "#cccccc",
              },
            },
            "stickyTracking": true,
            "threshold": null,
            "tooltip": Object {
              "distance": 6,
              "pointFormat": "<span style=\\"color:{point.color}\\">●</span> <b> {series.name}</b><br/>Open: {point.open}<br/>High: {point.high}<br/>Low: {point.low}<br/>Close: {point.close}<br/>",
            },
            "turboThreshold": 1000,
            "upColor": "#ffffff",
          },
          "column": Object {
            "allowPointSelect": false,
            "animation": Object {
              "duration": 1000,
            },
            "borderColor": "#ffffff",
            "borderRadius": 0,
            "crisp": true,
            "cropThreshold": 50,
            "dataLabels": Object {
              "align": null,
              "formatter": [Function],
              "padding": 5,
              "style": Object {
                "color": "contrast",
                "fontSize": "11px",
                "fontWeight": "bold",
                "textOutline": "1px contrast",
              },
              "verticalAlign": null,
              "x": 0,
              "y": null,
            },
            "events": Object {},
            "findNearestPointBy": "x",
            "groupPadding": 0.2,
            "lineWidth": 2,
            "marker": null,
            "minPointLength": 0,
            "opacity": 1,
            "point": Object {
              "events": Object {},
            },
            "pointPadding": 0.1,
            "pointRange": null,
            "showCheckbox": false,
            "softThreshold": false,
            "startFromThreshold": true,
            "states": Object {
              "hover": Object {
                "animation": Object {
                  "duration": 50,
                },
                "brightness": 0.1,
                "halo": false,
                "lineWidthPlus": 1,
                "marker": Object {},
              },
              "inactive": Object {
                "animation": Object {
                  "duration": 50,
                },
                "opacity": 0.2,
              },
              "normal": Object {
                "animation": true,
              },
              "select": Object {
                "animation": Object {
                  "duration": 0,
                },
                "borderColor": "#000000",
                "color": "#cccccc",
              },
            },
            "stickyTracking": false,
            "threshold": 0,
            "tooltip": Object {
              "distance": 6,
            },
            "turboThreshold": 1000,
          },
          "flags": Object {
            "allowOverlapX": false,
            "allowPointSelect": false,
            "animation": Object {
              "duration": 1000,
            },
            "borderColor": "#ffffff",
            "borderRadius": 0,
            "crisp": true,
            "cropThreshold": 50,
            "dataLabels": Object {
              "align": null,
              "formatter": [Function],
              "padding": 5,
              "style": Object {
                "color": "contrast",
                "fontSize": "11px",
                "fontWeight": "bold",
                "textOutline": "1px contrast",
              },
              "verticalAlign": null,
              "x": 0,
              "y": null,
            },
            "events": Object {},
            "fillColor": "#ffffff",
            "findNearestPointBy": "x",
            "groupPadding": 0.2,
            "lineWidth": 1,
            "marker": null,
            "minPointLength": 0,
            "opacity": 1,
            "point": Object {
              "events": Object {},
            },
            "pointPadding": 0.1,
            "pointRange": 0,
            "shape": "flag",
            "showCheckbox": false,
            "softThreshold": false,
            "stackDistance": 12,
            "startFromThreshold": true,
            "states": Object {
              "hover": Object {
                "animation": Object {
                  "duration": 50,
                },
                "brightness": 0.1,
                "fillColor": "#ccd6eb",
                "halo": false,
                "lineColor": "#000000",
                "lineWidthPlus": 1,
                "marker": Object {},
              },
              "inactive": Object {
                "animation": Object {
                  "duration": 50,
                },
                "opacity": 0.2,
              },
              "normal": Object {
                "animation": true,
              },
              "select": Object {
                "animation": Object {
                  "duration": 0,
                },
                "borderColor": "#000000",
                "color": "#cccccc",
              },
            },
            "stickyTracking": false,
            "style": Object {
              "fontSize": "11px",
              "fontWeight": "bold",
            },
            "textAlign": "center",
            "threshold": null,
            "tooltip": Object {
              "distance": 6,
              "pointFormat": "{point.text}<br/>",
            },
            "turboThreshold": 1000,
            "y": -30,
          },
          "line": Object {
            "allowPointSelect": false,
            "animation": Object {
              "duration": 1000,
            },
            "cropThreshold": 300,
            "dataLabels": Object {
              "align": "center",
              "formatter": [Function],
              "padding": 5,
              "style": Object {
                "color": "contrast",
                "fontSize": "11px",
                "fontWeight": "bold",
                "textOutline": "1px contrast",
              },
              "verticalAlign": "bottom",
              "x": 0,
              "y": 0,
            },
            "events": Object {},
            "findNearestPointBy": "x",
            "lineWidth": 2,
            "marker": Object {
              "enabledThreshold": 2,
              "lineColor": "#ffffff",
              "lineWidth": 0,
              "radius": 4,
              "states": Object {
                "hover": Object {
                  "animation": Object {
                    "duration": 50,
                  },
                  "enabled": true,
                  "lineWidthPlus": 1,
                  "radiusPlus": 2,
                },
                "normal": Object {
                  "animation": true,
                },
                "select": Object {
                  "fillColor": "#cccccc",
                  "lineColor": "#000000",
                  "lineWidth": 2,
                },
              },
            },
            "opacity": 1,
            "point": Object {
              "events": Object {},
            },
            "pointRange": 0,
            "showCheckbox": false,
            "softThreshold": true,
            "states": Object {
              "hover": Object {
                "animation": Object {
                  "duration": 50,
                },
                "halo": Object {
                  "opacity": 0.25,
                  "size": 10,
                },
                "lineWidthPlus": 1,
                "marker": Object {},
              },
              "inactive": Object {
                "animation": Object {
                  "duration": 50,
                },
                "opacity": 0.2,
              },
              "normal": Object {
                "animation": true,
              },
              "select": Object {
                "animation": Object {
                  "duration": 0,
                },
              },
            },
            "stickyTracking": true,
            "turboThreshold": 1000,
          },
          "ohlc": Object {
            "allowPointSelect": false,
            "animation": Object {
              "duration": 1000,
            },
            "borderColor": "#ffffff",
            "borderRadius": 0,
            "crisp": true,
            "cropThreshold": 50,
            "dataLabels": Object {
              "align": null,
              "formatter": [Function],
              "padding": 5,
              "style": Object {
                "color": "contrast",
                "fontSize": "11px",
                "fontWeight": "bold",
                "textOutline": "1px contrast",
              },
              "verticalAlign": null,
              "x": 0,
              "y": null,
            },
            "events": Object {},
            "findNearestPointBy": "x",
            "groupPadding": 0.2,
            "lineWidth": 1,
            "marker": null,
            "minPointLength": 0,
            "opacity": 1,
            "point": Object {
              "events": Object {},
            },
            "pointPadding": 0.1,
            "pointRange": null,
            "showCheckbox": false,
            "softThreshold": false,
            "startFromThreshold": true,
            "states": Object {
              "hover": Object {
                "animation": Object {
                  "duration": 50,
                },
                "brightness": 0.1,
                "halo": false,
                "lineWidth": 3,
                "lineWidthPlus": 1,
                "marker": Object {},
              },
              "inactive": Object {
                "animation": Object {
                  "duration": 50,
                },
                "opacity": 0.2,
              },
              "normal": Object {
                "animation": true,
              },
              "select": Object {
                "animation": Object {
                  "duration": 0,
                },
                "borderColor": "#000000",
                "color": "#cccccc",
              },
            },
            "stickyTracking": true,
            "threshold": null,
            "tooltip": Object {
              "distance": 6,
              "pointFormat": "<span style=\\"color:{point.color}\\">●</span> <b> {series.name}</b><br/>Open: {point.open}<br/>High: {point.high}<br/>Low: {point.low}<br/>Close: {point.close}<br/>",
            },
            "turboThreshold": 1000,
          },
          "pie": Object {
            "allowPointSelect": false,
            "animation": Object {
              "duration": 1000,
            },
            "borderColor": "#ffffff",
            "borderWidth": 1,
            "center": Array [
              null,
              null,
            ],
            "clip": false,
            "colorByPoint": true,
            "cropThreshold": 300,
            "dataLabels": Object {
              "align": "center",
              "allowOverlap": true,
              "connectorPadding": 5,
              "connectorShape": "fixedOffset",
              "crookDistance": "70%",
              "distance": 30,
              "enabled": true,
              "formatter": [Function],
              "padding": 5,
              "softConnector": true,
              "style": Object {
                "color": "contrast",
                "fontSize": "11px",
                "fontWeight": "bold",
                "textOutline": "1px contrast",
              },
              "verticalAlign": "bottom",
              "x": 0,
              "y": 0,
            },
            "events": Object {},
            "findNearestPointBy": "x",
            "ignoreHiddenPoint": true,
            "inactiveOtherPoints": true,
            "legendType": "point",
            "lineWidth": 2,
            "marker": null,
            "opacity": 1,
            "point": Object {
              "events": Object {},
            },
            "pointRange": 0,
            "showCheckbox": false,
            "showInLegend": false,
            "size": null,
            "slicedOffset": 10,
            "softThreshold": true,
            "states": Object {
              "hover": Object {
                "animation": Object {
                  "duration": 50,
                },
                "brightness": 0.1,
                "halo": Object {
                  "opacity": 0.25,
                  "size": 10,
                },
                "lineWidthPlus": 1,
                "marker": Object {},
              },
              "inactive": Object {
                "animation": Object {
                  "duration": 50,
                },
                "opacity": 0.2,
              },
              "normal": Object {
                "animation": true,
              },
              "select": Object {
                "animation": Object {
                  "duration": 0,
                },
              },
            },
            "stickyTracking": false,
            "tooltip": Object {
              "followPointer": true,
            },
            "turboThreshold": 1000,
          },
          "scatter": Object {
            "allowPointSelect": false,
            "animation": Object {
              "duration": 1000,
            },
            "cropThreshold": 300,
            "dataLabels": Object {
              "align": "center",
              "formatter": [Function],
              "padding": 5,
              "style": Object {
                "color": "contrast",
                "fontSize": "11px",
                "fontWeight": "bold",
                "textOutline": "1px contrast",
              },
              "verticalAlign": "bottom",
              "x": 0,
              "y": 0,
            },
            "events": Object {},
            "findNearestPointBy": "xy",
            "jitter": Object {
              "x": 0,
              "y": 0,
            },
            "lineWidth": 0,
            "marker": Object {
              "enabled": true,
              "enabledThreshold": 2,
              "lineColor": "#ffffff",
              "lineWidth": 0,
              "radius": 4,
              "states": Object {
                "hover": Object {
                  "animation": Object {
                    "duration": 50,
                  },
                  "enabled": true,
                  "lineWidthPlus": 1,
                  "radiusPlus": 2,
                },
                "normal": Object {
                  "animation": true,
                },
                "select": Object {
                  "fillColor": "#cccccc",
                  "lineColor": "#000000",
                  "lineWidth": 2,
                },
              },
            },
            "opacity": 1,
            "point": Object {
              "events": Object {},
            },
            "pointRange": 0,
            "showCheckbox": false,
            "softThreshold": true,
            "states": Object {
              "hover": Object {
                "animation": Object {
                  "duration": 50,
                },
                "halo": Object {
                  "opacity": 0.25,
                  "size": 10,
                },
                "lineWidthPlus": 1,
                "marker": Object {},
              },
              "inactive": Object {
                "animation": Object {
                  "duration": 50,
                },
                "opacity": 0.2,
              },
              "normal": Object {
                "animation": true,
              },
              "select": Object {
                "animation": Object {
                  "duration": 0,
                },
              },
            },
            "stickyTracking": true,
            "tooltip": Object {
              "headerFormat": "<span style=\\"color:{point.color}\\">●</span> <span style=\\"font-size: 10px\\"> {series.name}</span><br/>",
              "pointFormat": "x: <b>{point.x}</b><br/>y: <b>{point.y}</b><br/>",
            },
            "turboThreshold": 1000,
          },
          "spline": Object {
            "allowPointSelect": false,
            "animation": Object {
              "duration": 1000,
            },
            "cropThreshold": 300,
            "dataLabels": Object {
              "align": "center",
              "formatter": [Function],
              "padding": 5,
              "style": Object {
                "color": "contrast",
                "fontSize": "11px",
                "fontWeight": "bold",
                "textOutline": "1px contrast",
              },
              "verticalAlign": "bottom",
              "x": 0,
              "y": 0,
            },
            "events": Object {},
            "findNearestPointBy": "x",
            "lineWidth": 2,
            "marker": Object {
              "enabledThreshold": 2,
              "lineColor": "#ffffff",
              "lineWidth": 0,
              "radius": 4,
              "states": Object {
                "hover": Object {
                  "animation": Object {
                    "duration": 50,
                  },
                  "enabled": true,
                  "lineWidthPlus": 1,
                  "radiusPlus": 2,
                },
                "normal": Object {
                  "animation": true,
                },
                "select": Object {
                  "fillColor": "#cccccc",
                  "lineColor": "#000000",
                  "lineWidth": 2,
                },
              },
            },
            "opacity": 1,
            "point": Object {
              "events": Object {},
            },
            "pointRange": 0,
            "showCheckbox": false,
            "softThreshold": true,
            "states": Object {
              "hover": Object {
                "animation": Object {
                  "duration": 50,
                },
                "halo": Object {
                  "opacity": 0.25,
                  "size": 10,
                },
                "lineWidthPlus": 1,
                "marker": Object {},
              },
              "inactive": Object {
                "animation": Object {
                  "duration": 50,
                },
                "opacity": 0.2,
              },
              "normal": Object {
                "animation": true,
              },
              "select": Object {
                "animation": Object {
                  "duration": 0,
                },
              },
            },
            "stickyTracking": true,
            "turboThreshold": 1000,
          },
        },
        "defined": [Function],
        "deg2rad": 0.017453292519943295,
        "destroyObjectProperties": [Function],
        "discardElement": [Function],
        "distribute": [Function],
        "doc": Document {
          "location": Location {
            "assign": [Function],
            "hash": "",
            "host": "localhost",
            "hostname": "localhost",
            "href": "http://localhost/",
            "origin": "http://localhost",
            "pathname": "/",
            "port": "",
            "protocol": "http:",
            "reload": [Function],
            "replace": [Function],
            "search": "",
            "toString": [Function],
          },
          Symbol(SameObject caches): Object {
            "implementation": DOMImplementation {},
          },
        },
        "each": [Function],
        "erase": [Function],
        "error": [Function],
        "extend": [Function],
        "extendClass": [Function],
        "find": [Function],
        "fireEvent": [Function],
        "format": [Function],
        "formatSingle": [Function],
        "getMagnitude": [Function],
        "getOptions": [Function],
        "getStyle": [Function],
        "grep": [Function],
        "hasBidiBug": false,
        "hasTouch": false,
        "inArray": [Function],
        "isArray": [Function],
        "isChrome": false,
        "isClass": [Function],
        "isDOMElement": [Function],
        "isFirefox": false,
        "isFunction": [Function],
        "isMS": false,
        "isNumber": [Function],
        "isObject": [Function],
        "isSafari": false,
        "isString": [Function],
        "isTouchDevice": false,
        "isWebKit": true,
        "keys": [Function],
        "map": [Function],
        "marginNames": Array [
          "plotTop",
          "marginRight",
          "marginBottom",
          "plotLeft",
        ],
        "merge": [Function],
        "noop": [Function],
        "normalizeTickInterval": [Function],
        "numberFormat": [Function],
        "objectEach": [Function],
        "offset": [Function],
        "pInt": [Function],
        "pad": [Function],
        "pick": [Function],
        "product": "Highcharts",
        "reduce": [Function],
        "relativeLength": [Function],
        "removeEvent": [Function],
        "seriesType": [Function],
        "seriesTypes": Object {
          "area": [Function],
          "areaspline": [Function],
          "bar": [Function],
          "candlestick": [Function],
          "column": [Function],
          "flags": [Function],
          "line": [Function],
          "ohlc": [Function],
          "pie": [Function],
          "scatter": [Function],
          "spline": [Function],
        },
        "setAnimation": [Function],
        "setOptions": [Function],
        "some": [Function],
        "splat": [Function],
        "stableSort": [Function],
        "stockChart": [Function],
        "stop": [Function],
        "svg": false,
        "swapXY": [Function],
        "symbolSizes": Object {},
        "syncTimeout": [Function],
        "time": Object {
          "Date": [Function],
          "get": [Function],
          "getTimezoneOffset": [Function],
          "options": Object {},
          "set": [Function],
          "timezoneOffset": undefined,
          "useUTC": true,
          "variableTimezone": false,
        },
        "timeUnits": Object {
          "day": 86400000,
          "hour": 3600000,
          "millisecond": 1,
          "minute": 60000,
          "month": 2419200000,
          "second": 1000,
          "week": 604800000,
          "year": 31449600000,
        },
        "timers": Array [],
        "uniqueKey": [Function],
        "version": "7.1.2",
        "win": [Window],
        "wrap": [Function],
      }
    }
    options={
      Object {
        "chart": Object {
          "height": 350,
          "style": Object {
            "fontFamily": "-apple-system, BlinkMacSystemFont, Segoe UI, Roboto, Oxygen",
          },
        },
        "credits": Object {
          "enabled": false,
        },
        "loading": Object {
          "hideDuration": 500,
          "showDuration": 300,
        },
        "series": Array [
          Object {
            "data": Array [
              null,
            ],
            "type": "line",
          },
        ],
        "title": Object {
          "text": "",
        },
        "xAxis": Object {
          "labels": Object {
            "formatter": [Function],
          },
          "minTickInterval": 2592000000,
          "type": "datetime",
        },
        "yAxis": Object {
          "title": Object {
            "text": null,
          },
        },
      }
    }
  />
</div>
`;
