// Jest Snapshot v1, https://goo.gl/fbAQLP

exports[`renders toMatchSnapshot 1`] = `
<Fragment>
  <HelmetWrapper
    defer={true}
    encodeSpecialCharacters={true}
  >
    <title>
      Food recall enforcement reports since 2012"
    </title>
  </HelmetWrapper>
  <div
    className="page"
  >
    <Text
      text="This is the openFDA API endpoint for all food product recalls monitored by the FDA. When an FDA-regulated product is either defective or potentially harmful, recalling that product—removing it from the market or correcting the problem—is the most effective means for protecting the public."
      textColumns="two-columns"
      textHidden="<p>Our have night fifth form saw evening whales, green, own god lesser beast was cattle let above itself kind winged saying light fruit Very third. Gathered whose they&#39;re fly. Called moveth was morning. Replenish image i which fowl shall. Hath.</p><p>Our female seed one made fish set place without had air forth second there stars gathering lights i shall whose kind evening male female sixth blessed she&#39;d.</p><p>Created fifth fly said they&#39;re. They&#39;re fruit seasons him seasons there under shall. Midst morning us. Herb hath fly fifth Very female you&#39;re wherein blessed have. Life saw fowl creeping can&#39;t for firmament.</p>"
      topic="Food recall enforcement reports since 2012"
      topicTag="h1"
    />
    <Connect(ReportsChart) />
    <div
      className="flex-two-column"
    >
      <Text
        className="item"
        text="Manufacturers and/or distributors may initiate a recall at any time to fulfill their responsibility to protect the public health from products that present a risk of injury or gross deception, or are otherwise defective. Firms may also initiate a recall following notification of a problem by FDA or a state agency, in response to a formal request by FDA, or as ordered by FDA."
        textHidden="<p>Our have night fifth form saw evening whales, green, own god lesser beast was cattle let above itself kind winged saying light fruit Very third. Gathered whose they&#39;re fly. Called moveth was morning. Replenish image i which fowl shall. Hath.</p><p>Our female seed one made fish set place without had air forth second there stars gathering lights i shall whose kind evening male female sixth blessed she&#39;d.</p><p>Created fifth fly said they&#39;re. They&#39;re fruit seasons him seasons there under shall. Midst morning us. Herb hath fly fifth Very female you&#39;re wherein blessed have. Life saw fowl creeping can&#39;t for firmament.</p>"
        topic="The vast majority of food recalls are voluntary"
        topicTag="h2"
      />
      <Connect(InitiatorsChart)
        className="item"
      />
    </div>
  </div>
</Fragment>
`;
